
[1m[46m RUN [49m[22m [36mv4.0.18 [39m[90mC:/Users/ADMIN/SEP/anes/client[39m

 [31mΓ¥»[39m src/features/auth/components/__tests__/LandingPage.test.tsx [2m([22m[2m4 tests[22m[2m | [22m[31m4 failed[39m[2m)[22m[32m 164[2mms[22m[39m
[31m     [31m├ù[31m renders the first slide initially[39m[32m 24[2mms[22m[39m
[31m     [31m├ù[31m navigates to next slide on Next click[39m[32m 102[2mms[22m[39m
[31m     [31m├ù[31m skips to the last slide on Skip click[39m[32m 10[2mms[22m[39m
[31m     [31m├ù[31m navigates to login on Login click[39m[32m 26[2mms[22m[39m
node.exe : 
At line:1 char:1
+ & "C:\Program Files\nodejs/node.exe" "C:\Program 
Files\nodejs/node_mo ...
+ ~~~~~~~~~~~~~~~~~~~~~~~~~~~~~~~~~~~~~~~~~~~~~~~~~~~~~~~~~~~~~~~~~
~~~~
    + CategoryInfo          : NotSpecified: (:String) [], RemoteEx 
   ception
    + FullyQualifiedErrorId : NativeCommandError
 
[31mΓÄ»ΓÄ»ΓÄ»ΓÄ»ΓÄ»ΓÄ»ΓÄ»[39m[1m[41m Failed Tests 4 
[49m[22m[31mΓÄ»ΓÄ»ΓÄ»ΓÄ»ΓÄ»ΓÄ»ΓÄ»[39m

[41m[1m FAIL [22m[49m 
src/features/auth/components/__tests__/LandingPage.test.tsx[2m > 
[22mLandingPage[2m > [22mrenders the first slide initially
[31m[1mTestingLibraryElementError[22m: Unable to find an 
element with the text: Get personalized fitness plans crafted by 
AI that adapt to your goals, level, and schedule.. This could be 
because the text is broken up by multiple elements. In this case, 
you can provide a function for your text matcher to make your 
matcher more flexible.

Ignored nodes: comments, script, style
[36m<body>[31m
  [36m<div>[31m
    [36m<div[31m
      [33mclass[31m=[32m"flex min-h-screen items-center 
justify-center bg-(--bg) px-4 py-8"[31m
    [36m>[31m
      [36m<div[31m
        [33mclass[31m=[32m"w-full max-w-md"[31m
      [36m>[31m
        [36m<div[31m
          [33mclass[31m=[32m"mb-8 text-center"[31m
        [36m>[31m
          [36m<h1[31m
            [33mclass[31m=[32m"text-3xl font-bold 
tracking-tight text-(--accent)"[31m
          [36m>[31m
            [0mANES[0m
          [36m</h1>[31m
          [36m<p[31m
            [33mclass[31m=[32m"mt-1 text-sm 
text-(--text-secondary)"[31m
          [36m>[31m
            [0mAI-driven Nutrition & Exercise System[0m
          [36m</p>[31m
        [36m</div>[31m
        [36m<div[31m
          [33mclass[31m=[32m"rounded-2xl border 
border-(--border) bg-(--surface) p-8"[31m
        [36m>[31m
          [36m<div[31m
            [33mclass[31m=[32m"mb-6 flex justify-center"[31m
          [36m>[31m
            [36m<div[31m
              [33mclass[31m=[32m"rounded-full bg-(--accent)/10 
p-4"[31m
            [36m>[31m
              [36m<svg[31m
                [33maria-hidden[31m=[32m"true"[31m
                [33mclass[31m=[32m"lucide lucide-sparkles h-8 
w-8 text-(--accent)"[31m
                [33mfill[31m=[32m"none"[31m
                [33mheight[31m=[32m"24"[31m
                [33mstroke[31m=[32m"currentColor"[31m
                [33mstroke-linecap[31m=[32m"round"[31m
                [33mstroke-linejoin[31m=[32m"round"[31m
                [33mstroke-width[31m=[32m"2"[31m
                [33mviewBox[31m=[32m"0 0 24 24"[31m
                [33mwidth[31m=[32m"24"[31m
                
[33mxmlns[31m=[32m"http://www.w3.org/2000/svg"[31m
              [36m>[31m
                [36m<path[31m
                  [33md[31m=[32m"M11.017 2.814a1 1 0 0 1 1.966 
0l1.051 5.558a2 2 0 0 0 1.594 1.594l5.558 1.051a1 1 0 0 1 0 
1.966l-5.558 1.051a2 2 0 0 0-1.594 1.594l-1.051 5.558a1 1 0 0 
1-1.966 0l-1.051-5.558a2 2 0 0 0-1.594-1.594l-5.558-1.051a1 1 0 0 
1 0-1.966l5.558-1.051a2 2 0 0 0 1.594-1.594z"[31m
                [36m/>[31m
                [36m<path[31m
                  [33md[31m=[32m"M20 2v4"[31m
                [36m/>[31m
                [36m<path[31m
                  [33md[31m=[32m"M22 4h-4"[31m
                [36m/>[31m
                [36m<circle[31m
                  [33mcx[31m=[32m"4"[31m
                  [33mcy[31m=[32m"20"[31m
                  [33mr[31m=[32m"2"[31m
                [36m/>[31m
              [36m</svg>[31m
            [36m</div>[31m
          [36m</div>[31m
          [36m<div[31m
            [33mclass[31m=[32m"mb-6 text-center"[31m
          [36m>[31m
            [36m<h2[31m
              [33mclass[31m=[32m"text-xl font-semibold 
text-(--text-primary)"[31m
            [36m>[31m
              [0mAI-Powered Workouts[0m
            [36m</h2>[31m
          [36m</div>[31m
          [36m<p[31m
            [33mclass[31m=[32m"mb-8 text-center text-sm 
leading-relaxed text-(--text-secondary)"[31m
          [36m>[31m
            [0mGet personalized fitness plans, smart nutrition 
guidance, and easy progress trackingΓÇöall powered by AI.[0m
          [36m</p>[31m
          [36m<button[31m
            [33mclass[31m=[32m"mb-4 flex h-12 w-full 
items-center justify-center rounded-lg bg-(--accent) font-semibold 
text-white transition-transform active:scale-95"[31m
          [36m>[31m
            [0mGet Started[0m
          [36m</button>[31m
          [36m<button[31m
            [33mclass[31m=[32m"flex h-10 w-full items-center 
justify-center rounded-lg text-sm font-medium 
text-(--text-secondary) transition-colors 
hover:text-(--text-primary)"[31m
          [36m>[31m
            [0mSkip For Now[0m
          [36m</button>[31m
        [36m</div>[31m
      [36m</div>[31m
    [36m</div>[31m
  [36m</div>[31m
[36m</body>[31m[39m
[90m [2mΓ¥»[22m Object.getElementError node_modules/.pnpm/@testi
ng-library+dom@10.4.1/node_modules/@testing-library/dom/dist/config
.js:[2m37:19[22m[39m
[90m [2mΓ¥»[22m node_modules/.pnpm/@testing-library+dom@10.4.1/n
ode_modules/@testing-library/dom/dist/query-helpers.js:[2m76:38[2
2m[39m
[90m [2mΓ¥»[22m node_modules/.pnpm/@testing-library+dom@10.4.1/n
ode_modules/@testing-library/dom/dist/query-helpers.js:[2m52:17[2
2m[39m
[90m [2mΓ¥»[22m node_modules/.pnpm/@testing-library+dom@10.4.1/n
ode_modules/@testing-library/dom/dist/query-helpers.js:[2m95:19[2
2m[39m
[36m [2mΓ¥»[22m src/features/auth/components/__tests__/LandingPa
ge.test.tsx:[2m28:23[22m[39m
    [90m 26| [39m        [34mrenderComponent[39m()[33m;[39m
    [90m 27| [39m        expect(screen.getByText('AI-Powered 
Workouts')).toBeInTheDocumΓÇª
    [90m 28| [39m        expect(screen.getByText('Get 
personalized fitness plans crafteΓÇª
    [90m   | [39m                      [31m^[39m
    [90m 29| [39m    })[33m;[39m
    [90m 30| [39m

[31m[2mΓÄ»ΓÄ»ΓÄ»ΓÄ»ΓÄ»ΓÄ»ΓÄ»ΓÄ»ΓÄ»ΓÄ»ΓÄ»ΓÄ»ΓÄ»ΓÄ»ΓÄ»ΓÄ»ΓÄ»ΓÄ»ΓÄ»Γ
Ä»ΓÄ»ΓÄ»ΓÄ»ΓÄ»[1/4]ΓÄ»[22m[39m

[41m[1m FAIL [22m[49m 
src/features/auth/components/__tests__/LandingPage.test.tsx[2m > 
[22mLandingPage[2m > [22mnavigates to next slide on Next click
[31m[1mTestingLibraryElementError[22m[39m: Unable to find an 
accessible element with the role "button" and name `/next/i`

Here are the accessible roles:

  heading:

  Name "ANES":
  [36m<h1[39m
    [33mclass[39m=[32m"text-3xl font-bold tracking-tight 
text-(--accent)"[39m
  [36m/>[39m

  Name "AI-Powered Workouts":
  [36m<h2[39m
    [33mclass[39m=[32m"text-xl font-semibold 
text-(--text-primary)"[39m
  [36m/>[39m

  --------------------------------------------------
  paragraph:

  Name "":
  [36m<p[39m
    [33mclass[39m=[32m"mt-1 text-sm 
text-(--text-secondary)"[39m
  [36m/>[39m

  Name "":
  [36m<p[39m
    [33mclass[39m=[32m"mb-8 text-center text-sm leading-relaxed 
text-(--text-secondary)"[39m
  [36m/>[39m

  --------------------------------------------------
  button:

  Name "Get Started":
  [36m<button[39m
    [33mclass[39m=[32m"mb-4 flex h-12 w-full items-center 
justify-center rounded-lg bg-(--accent) font-semibold text-white 
transition-transform active:scale-95"[39m
  [36m/>[39m

  Name "Skip For Now":
  [36m<button[39m
    [33mclass[39m=[32m"flex h-10 w-full items-center 
justify-center rounded-lg text-sm font-medium 
text-(--text-secondary) transition-colors 
hover:text-(--text-primary)"[39m
  [36m/>[39m

  --------------------------------------------------

Ignored nodes: comments, script, style
[36m<body>[39m
  [36m<div>[39m
    [36m<div[39m
      [33mclass[39m=[32m"flex min-h-screen items-center 
justify-center bg-(--bg) px-4 py-8"[39m
    [36m>[39m
      [36m<div[39m
        [33mclass[39m=[32m"w-full max-w-md"[39m
      [36m>[39m
        [36m<div[39m
          [33mclass[39m=[32m"mb-8 text-center"[39m
        [36m>[39m
          [36m<h1[39m
            [33mclass[39m=[32m"text-3xl font-bold 
tracking-tight text-(--accent)"[39m
          [36m>[39m
            [0mANES[0m
          [36m</h1>[39m
          [36m<p[39m
            [33mclass[39m=[32m"mt-1 text-sm 
text-(--text-secondary)"[39m
          [36m>[39m
            [0mAI-driven Nutrition & Exercise System[0m
          [36m</p>[39m
        [36m</div>[39m
        [36m<div[39m
          [33mclass[39m=[32m"rounded-2xl border 
border-(--border) bg-(--surface) p-8"[39m
        [36m>[39m
          [36m<div[39m
            [33mclass[39m=[32m"mb-6 flex justify-center"[39m
          [36m>[39m
            [36m<div[39m
              [33mclass[39m=[32m"rounded-full bg-(--accent)/10 
p-4"[39m
            [36m>[39m
              [36m<svg[39m
                [33maria-hidden[39m=[32m"true"[39m
                [33mclass[39m=[32m"lucide lucide-sparkles h-8 
w-8 text-(--accent)"[39m
                [33mfill[39m=[32m"none"[39m
                [33mheight[39m=[32m"24"[39m
                [33mstroke[39m=[32m"currentColor"[39m
                [33mstroke-linecap[39m=[32m"round"[39m
                [33mstroke-linejoin[39m=[32m"round"[39m
                [33mstroke-width[39m=[32m"2"[39m
                [33mviewBox[39m=[32m"0 0 24 24"[39m
                [33mwidth[39m=[32m"24"[39m
                
[33mxmlns[39m=[32m"http://www.w3.org/2000/svg"[39m
              [36m>[39m
                [36m<path[39m
                  [33md[39m=[32m"M11.017 2.814a1 1 0 0 1 1.966 
0l1.051 5.558a2 2 0 0 0 1.594 1.594l5.558 1.051a1 1 0 0 1 0 
1.966l-5.558 1.051a2 2 0 0 0-1.594 1.594l-1.051 5.558a1 1 0 0 
1-1.966 0l-1.051-5.558a2 2 0 0 0-1.594-1.594l-5.558-1.051a1 1 0 0 
1 0-1.966l5.558-1.051a2 2 0 0 0 1.594-1.594z"[39m
                [36m/>[39m
                [36m<path[39m
                  [33md[39m=[32m"M20 2v4"[39m
                [36m/>[39m
                [36m<path[39m
                  [33md[39m=[32m"M22 4h-4"[39m
                [36m/>[39m
                [36m<circle[39m
                  [33mcx[39m=[32m"4"[39m
                  [33mcy[39m=[32m"20"[39m
                  [33mr[39m=[32m"2"[39m
                [36m/>[39m
              [36m</svg>[39m
            [36m</div>[39m
          [36m</div>[39m
          [36m<div[39m
            [33mclass[39m=[32m"mb-6 text-center"[39m
          [36m>[39m
            [36m<h2[39m
              [33mclass[39m=[32m"text-xl font-semibold 
text-(--text-primary)"[39m
            [36m>[39m
              [0mAI-Powered Workouts[0m
            [36m</h2>[39m
          [36m</div>[39m
          [36m<p[39m
            [33mclass[39m=[32m"mb-8 text-center text-sm 
leading-relaxed text-(--text-secondary)"[39m
          [36m>[39m
            [0mGet personalized fitness plans, smart nutrition 
guidance, and easy progress trackingΓÇöall powered by AI.[0m
          [36m</p>[39m
          [36m<button[39m
            [33mclass[39m=[32m"mb-4 flex h-12 w-full 
items-center justify-center rounded-lg bg-(--accent) font-semibold 
text-white transition-transform active:scale-95"[39m
          [36m>[39m
            [0mGet Started[0m
          [36m</button>[39m
          [36m<button[39m
            [33mclass[39m=[32m"flex h-10 w-full items-center 
justify-center rounded-lg text-sm font-medium 
text-(--text-secondary) transition-colors 
hover:text-(--text-primary)"[39m
          [36m>[39m
            [0mSkip For Now[0m
          [36m</button>[39m
        [36m</div>[39m
      [36m</div>[39m
    [36m</div>[39m
  [36m</div>[39m
[36m</body>[39m
[90m [2mΓ¥»[22m Object.getElementError node_modules/.pnpm/@testi
ng-library+dom@10.4.1/node_modules/@testing-library/dom/dist/config
.js:[2m37:19[22m[39m
[90m [2mΓ¥»[22m node_modules/.pnpm/@testing-library+dom@10.4.1/n
ode_modules/@testing-library/dom/dist/query-helpers.js:[2m76:38[2
2m[39m
[90m [2mΓ¥»[22m node_modules/.pnpm/@testing-library+dom@10.4.1/n
ode_modules/@testing-library/dom/dist/query-helpers.js:[2m52:17[2
2m[39m
[90m [2mΓ¥»[22m node_modules/.pnpm/@testing-library+dom@10.4.1/n
ode_modules/@testing-library/dom/dist/query-helpers.js:[2m95:19[2
2m[39m
[36m [2mΓ¥»[22m src/features/auth/components/__tests__/LandingPa
ge.test.tsx:[2m33:35[22m[39m
    [90m 31| [39m    [34mit[39m([32m'navigates to next slide 
on Next click'[39m[33m,[39m () [33m=>[39m {
    [90m 32| [39m        [34mrenderComponent[39m()[33m;[39m
    [90m 33| [39m        const nextButton = 
screen.getByRole('button', { name: /next/i ΓÇª
    [90m   | [39m                                  [31m^[39m
    [90m 34| [39m        
fireEvent[33m.[39m[34mclick[39m(nextButton)[33m;[39m
    [90m 35| [39m        expect(screen.getByText('Smart 
Nutrition')).toBeInTheDocument(ΓÇª

[31m[2mΓÄ»ΓÄ»ΓÄ»ΓÄ»ΓÄ»ΓÄ»ΓÄ»ΓÄ»ΓÄ»ΓÄ»ΓÄ»ΓÄ»ΓÄ»ΓÄ»ΓÄ»ΓÄ»ΓÄ»ΓÄ»ΓÄ»Γ
Ä»ΓÄ»ΓÄ»ΓÄ»ΓÄ»[2/4]ΓÄ»[22m[39m

[41m[1m FAIL [22m[49m 
src/features/auth/components/__tests__/LandingPage.test.tsx[2m > 
[22mLandingPage[2m > [22mskips to the last slide on Skip click
[31m[1mTestingLibraryElementError[22m: Unable to find an 
element with the text: Easy Tracking. This could be because the 
text is broken up by multiple elements. In this case, you can 
provide a function for your text matcher to make your matcher more 
flexible.

Ignored nodes: comments, script, style
[36m<body>[31m
  [36m<div>[31m
    [36m<div[31m
      [33mclass[31m=[32m"flex min-h-screen items-center 
justify-center bg-(--bg) px-4 py-8"[31m
    [36m>[31m
      [36m<div[31m
        [33mclass[31m=[32m"w-full max-w-md"[31m
      [36m>[31m
        [36m<div[31m
          [33mclass[31m=[32m"mb-8 text-center"[31m
        [36m>[31m
          [36m<h1[31m
            [33mclass[31m=[32m"text-3xl font-bold 
tracking-tight text-(--accent)"[31m
          [36m>[31m
            [0mANES[0m
          [36m</h1>[31m
          [36m<p[31m
            [33mclass[31m=[32m"mt-1 text-sm 
text-(--text-secondary)"[31m
          [36m>[31m
            [0mAI-driven Nutrition & Exercise System[0m
          [36m</p>[31m
        [36m</div>[31m
        [36m<div[31m
          [33mclass[31m=[32m"rounded-2xl border 
border-(--border) bg-(--surface) p-8"[31m
        [36m>[31m
          [36m<div[31m
            [33mclass[31m=[32m"mb-6 flex justify-center"[31m
          [36m>[31m
            [36m<div[31m
              [33mclass[31m=[32m"rounded-full bg-(--accent)/10 
p-4"[31m
            [36m>[31m
              [36m<svg[31m
                [33maria-hidden[31m=[32m"true"[31m
                [33mclass[31m=[32m"lucide lucide-sparkles h-8 
w-8 text-(--accent)"[31m
                [33mfill[31m=[32m"none"[31m
                [33mheight[31m=[32m"24"[31m
                [33mstroke[31m=[32m"currentColor"[31m
                [33mstroke-linecap[31m=[32m"round"[31m
                [33mstroke-linejoin[31m=[32m"round"[31m
                [33mstroke-width[31m=[32m"2"[31m
                [33mviewBox[31m=[32m"0 0 24 24"[31m
                [33mwidth[31m=[32m"24"[31m
                
[33mxmlns[31m=[32m"http://www.w3.org/2000/svg"[31m
              [36m>[31m
                [36m<path[31m
                  [33md[31m=[32m"M11.017 2.814a1 1 0 0 1 1.966 
0l1.051 5.558a2 2 0 0 0 1.594 1.594l5.558 1.051a1 1 0 0 1 0 
1.966l-5.558 1.051a2 2 0 0 0-1.594 1.594l-1.051 5.558a1 1 0 0 
1-1.966 0l-1.051-5.558a2 2 0 0 0-1.594-1.594l-5.558-1.051a1 1 0 0 
1 0-1.966l5.558-1.051a2 2 0 0 0 1.594-1.594z"[31m
                [36m/>[31m
                [36m<path[31m
                  [33md[31m=[32m"M20 2v4"[31m
                [36m/>[31m
                [36m<path[31m
                  [33md[31m=[32m"M22 4h-4"[31m
                [36m/>[31m
                [36m<circle[31m
                  [33mcx[31m=[32m"4"[31m
                  [33mcy[31m=[32m"20"[31m
                  [33mr[31m=[32m"2"[31m
                [36m/>[31m
              [36m</svg>[31m
            [36m</div>[31m
          [36m</div>[31m
          [36m<div[31m
            [33mclass[31m=[32m"mb-6 text-center"[31m
          [36m>[31m
            [36m<h2[31m
              [33mclass[31m=[32m"text-xl font-semibold 
text-(--text-primary)"[31m
            [36m>[31m
              [0mAI-Powered Workouts[0m
            [36m</h2>[31m
          [36m</div>[31m
          [36m<p[31m
            [33mclass[31m=[32m"mb-8 text-center text-sm 
leading-relaxed text-(--text-secondary)"[31m
          [36m>[31m
            [0mGet personalized fitness plans, smart nutrition 
guidance, and easy progress trackingΓÇöall powered by AI.[0m
          [36m</p>[31m
          [36m<button[31m
            [33mclass[31m=[32m"mb-4 flex h-12 w-full 
items-center justify-center rounded-lg bg-(--accent) font-semibold 
text-white transition-transform active:scale-95"[31m
          [36m>[31m
            [0mGet Started[0m
          [36m</button>[31m
          [36m<button[31m
            [33mclass[31m=[32m"flex h-10 w-full items-center 
justify-center rounded-lg text-sm font-medium 
text-(--text-secondary) transition-colors 
hover:text-(--text-primary)"[31m
          [36m>[31m
            [0mSkip For Now[0m
          [36m</button>[31m
        [36m</div>[31m
      [36m</div>[31m
    [36m</div>[31m
  [36m</div>[31m
[36m</body>[31m[39m
[90m [2mΓ¥»[22m Object.getElementError node_modules/.pnpm/@testi
ng-library+dom@10.4.1/node_modules/@testing-library/dom/dist/config
.js:[2m37:19[22m[39m
[90m [2mΓ¥»[22m node_modules/.pnpm/@testing-library+dom@10.4.1/n
ode_modules/@testing-library/dom/dist/query-helpers.js:[2m76:38[2
2m[39m
[90m [2mΓ¥»[22m node_modules/.pnpm/@testing-library+dom@10.4.1/n
ode_modules/@testing-library/dom/dist/query-helpers.js:[2m52:17[2
2m[39m
[90m [2mΓ¥»[22m node_modules/.pnpm/@testing-library+dom@10.4.1/n
ode_modules/@testing-library/dom/dist/query-helpers.js:[2m95:19[2
2m[39m
[36m [2mΓ¥»[22m src/features/auth/components/__tests__/LandingPa
ge.test.tsx:[2m42:23[22m[39m
    [90m 40| [39m        const skipButton = 
screen.getByRole('button', { name: /skip/i ΓÇª
    [90m 41| [39m        
fireEvent[33m.[39m[34mclick[39m(skipButton)[33m;[39m
    [90m 42| [39m        
[34mexpect[39m(screen[33m.[39m[34mgetByText[39m([32m'Easy 
Tracking'[39m))[33m.[39m[34mtoBeInTheDocument[39m()[33m;[39m
    [90m   | [39m                      [31m^[39m
    [90m 43| [39m        expect(screen.getByRole('button', { 
name: /login/i })).toBeInTΓÇª
    [90m 44| [39m    })[33m;[39m

[31m[2mΓÄ»ΓÄ»ΓÄ»ΓÄ»ΓÄ»ΓÄ»ΓÄ»ΓÄ»ΓÄ»ΓÄ»ΓÄ»ΓÄ»ΓÄ»ΓÄ»ΓÄ»ΓÄ»ΓÄ»ΓÄ»ΓÄ»Γ
Ä»ΓÄ»ΓÄ»ΓÄ»ΓÄ»[3/4]ΓÄ»[22m[39m

[41m[1m FAIL [22m[49m 
src/features/auth/components/__tests__/LandingPage.test.tsx[2m > 
[22mLandingPage[2m > [22mnavigates to login on Login click
[31m[1mTestingLibraryElementError[22m[39m: Unable to find an 
accessible element with the role "button" and name `/login/i`

Here are the accessible roles:

  heading:

  Name "ANES":
  [36m<h1[39m
    [33mclass[39m=[32m"text-3xl font-bold tracking-tight 
text-(--accent)"[39m
  [36m/>[39m

  Name "AI-Powered Workouts":
  [36m<h2[39m
    [33mclass[39m=[32m"text-xl font-semibold 
text-(--text-primary)"[39m
  [36m/>[39m


[2m Test Files [22m [1m[31m1 failed[39m[22m[90m (1)[39m
[2m      Tests [22m [1m[31m4 failed[39m[22m[90m (4)[39m
[2m   Start at [22m 04:14:32
[2m   Duration [22m 1.45s[2m (transform 50ms, setup 115ms, import 257ms, tests 164ms, environment 761ms)[22m

  --------------------------------------------------
  paragraph:

  Name "":
  [36m<p[39m
    [33mclass[39m=[32m"mt-1 text-sm 
text-(--text-secondary)"[39m
  [36m/>[39m

  Name "":
  [36m<p[39m
    [33mclass[39m=[32m"mb-8 text-center text-sm leading-relaxed 
text-(--text-secondary)"[39m
  [36m/>[39m

  --------------------------------------------------
  button:

  Name "Get Started":
  [36m<button[39m
    [33mclass[39m=[32m"mb-4 flex h-12 w-full items-center 
justify-center rounded-lg bg-(--accent) font-semibold text-white 
transition-transform active:scale-95"[39m
  [36m/>[39m

  Name "Skip For Now":
  [36m<button[39m
    [33mclass[39m=[32m"flex h-10 w-full items-center 
justify-center rounded-lg text-sm font-medium 
text-(--text-secondary) transition-colors 
hover:text-(--text-primary)"[39m
  [36m/>[39m

  --------------------------------------------------

Ignored nodes: comments, script, style
[36m<body>[39m
  [36m<div>[39m
    [36m<div[39m
      [33mclass[39m=[32m"flex min-h-screen items-center 
justify-center bg-(--bg) px-4 py-8"[39m
    [36m>[39m
      [36m<div[39m
        [33mclass[39m=[32m"w-full max-w-md"[39m
      [36m>[39m
        [36m<div[39m
          [33mclass[39m=[32m"mb-8 text-center"[39m
        [36m>[39m
          [36m<h1[39m
            [33mclass[39m=[32m"text-3xl font-bold 
tracking-tight text-(--accent)"[39m
          [36m>[39m
            [0mANES[0m
          [36m</h1>[39m
          [36m<p[39m
            [33mclass[39m=[32m"mt-1 text-sm 
text-(--text-secondary)"[39m
          [36m>[39m
            [0mAI-driven Nutrition & Exercise System[0m
          [36m</p>[39m
        [36m</div>[39m
        [36m<div[39m
          [33mclass[39m=[32m"rounded-2xl border 
border-(--border) bg-(--surface) p-8"[39m
        [36m>[39m
          [36m<div[39m
            [33mclass[39m=[32m"mb-6 flex justify-center"[39m
          [36m>[39m
            [36m<div[39m
              [33mclass[39m=[32m"rounded-full bg-(--accent)/10 
p-4"[39m
            [36m>[39m
              [36m<svg[39m
                [33maria-hidden[39m=[32m"true"[39m
                [33mclass[39m=[32m"lucide lucide-sparkles h-8 
w-8 text-(--accent)"[39m
                [33mfill[39m=[32m"none"[39m
                [33mheight[39m=[32m"24"[39m
                [33mstroke[39m=[32m"currentColor"[39m
                [33mstroke-linecap[39m=[32m"round"[39m
                [33mstroke-linejoin[39m=[32m"round"[39m
                [33mstroke-width[39m=[32m"2"[39m
                [33mviewBox[39m=[32m"0 0 24 24"[39m
                [33mwidth[39m=[32m"24"[39m
                
[33mxmlns[39m=[32m"http://www.w3.org/2000/svg"[39m
              [36m>[39m
                [36m<path[39m
                  [33md[39m=[32m"M11.017 2.814a1 1 0 0 1 1.966 
0l1.051 5.558a2 2 0 0 0 1.594 1.594l5.558 1.051a1 1 0 0 1 0 
1.966l-5.558 1.051a2 2 0 0 0-1.594 1.594l-1.051 5.558a1 1 0 0 
1-1.966 0l-1.051-5.558a2 2 0 0 0-1.594-1.594l-5.558-1.051a1 1 0 0 
1 0-1.966l5.558-1.051a2 2 0 0 0 1.594-1.594z"[39m
                [36m/>[39m
                [36m<path[39m
                  [33md[39m=[32m"M20 2v4"[39m
                [36m/>[39m
                [36m<path[39m
                  [33md[39m=[32m"M22 4h-4"[39m
                [36m/>[39m
                [36m<circle[39m
                  [33mcx[39m=[32m"4"[39m
                  [33mcy[39m=[32m"20"[39m
                  [33mr[39m=[32m"2"[39m
                [36m/>[39m
              [36m</svg>[39m
            [36m</div>[39m
          [36m</div>[39m
          [36m<div[39m
            [33mclass[39m=[32m"mb-6 text-center"[39m
          [36m>[39m
            [36m<h2[39m
              [33mclass[39m=[32m"text-xl font-semibold 
text-(--text-primary)"[39m
            [36m>[39m
              [0mAI-Powered Workouts[0m
            [36m</h2>[39m
          [36m</div>[39m
          [36m<p[39m
            [33mclass[39m=[32m"mb-8 text-center text-sm 
leading-relaxed text-(--text-secondary)"[39m
          [36m>[39m
            [0mGet personalized fitness plans, smart nutrition 
guidance, and easy progress trackingΓÇöall powered by AI.[0m
          [36m</p>[39m
          [36m<button[39m
            [33mclass[39m=[32m"mb-4 flex h-12 w-full 
items-center justify-center rounded-lg bg-(--accent) font-semibold 
text-white transition-transform active:scale-95"[39m
          [36m>[39m
            [0mGet Started[0m
          [36m</button>[39m
          [36m<button[39m
            [33mclass[39m=[32m"flex h-10 w-full items-center 
justify-center rounded-lg text-sm font-medium 
text-(--text-secondary) transition-colors 
hover:text-(--text-primary)"[39m
          [36m>[39m
            [0mSkip For Now[0m
          [36m</button>[39m
        [36m</div>[39m
      [36m</div>[39m
    [36m</div>[39m
  [36m</div>[39m
[36m</body>[39m
[90m [2mΓ¥»[22m Object.getElementError node_modules/.pnpm/@testi
ng-library+dom@10.4.1/node_modules/@testing-library/dom/dist/config
.js:[2m37:19[22m[39m
[90m [2mΓ¥»[22m node_modules/.pnpm/@testing-library+dom@10.4.1/n
ode_modules/@testing-library/dom/dist/query-helpers.js:[2m76:38[2
2m[39m
[90m [2mΓ¥»[22m node_modules/.pnpm/@testing-library+dom@10.4.1/n
ode_modules/@testing-library/dom/dist/query-helpers.js:[2m52:17[2
2m[39m
[90m [2mΓ¥»[22m node_modules/.pnpm/@testing-library+dom@10.4.1/n
ode_modules/@testing-library/dom/dist/query-helpers.js:[2m95:19[2
2m[39m
[36m [2mΓ¥»[22m src/features/auth/components/__tests__/LandingPa
ge.test.tsx:[2m52:36[22m[39m
    [90m 50| [39m        
fireEvent[33m.[39m[34mclick[39m(skipButton)[33m;[39m
    [90m 51| [39m
    [90m 52| [39m        const loginButton = 
screen.getByRole('button', { name: /login/ΓÇª
    [90m   | [39m                                   [31m^[39m
    [90m 53| [39m        
fireEvent[33m.[39m[34mclick[39m(loginButton)[33m;[39m
    [90m 54| [39m        [34mexpect[39m(navigateMock)[33m.[39
m[34mtoHaveBeenCalledWith[39m([32m'/login'[39m)[33m;[39m

[31m[2mΓÄ»ΓÄ»ΓÄ»ΓÄ»ΓÄ»ΓÄ»ΓÄ»ΓÄ»ΓÄ»ΓÄ»ΓÄ»ΓÄ»ΓÄ»ΓÄ»ΓÄ»ΓÄ»ΓÄ»ΓÄ»ΓÄ»Γ
Ä»ΓÄ»ΓÄ»ΓÄ»ΓÄ»[4/4]ΓÄ»[22m[39m

